// 重构日志: bf04aa6c
// 重构日志: cd8f4ae4
// 同步 ID: 1cb77770 @ Sun Jul 19 06:47:43 UTC 2026
// 同步 ID: 9a697f07 @ Sun Jul 19 12:01:14 UTC 2026
// 同步 ID: efec646a @ Sun Jul 19 16:49:49 UTC 2026
// 重构日志: f4865308
// 重构日志: 370737e6
// 同步 ID: 0ce97b73 @ Tue Jul 21 11:35:01 UTC 2026
// 同步 ID: f80f9f29 @ Tue Jul 21 23:05:23 UTC 2026
// 重构日志: f7355a6f
// 重构日志: fc26dc4b
// 同步 ID: 52173bbd @ Wed Jul 22 17:20:47 UTC 2026
// 重构日志: a527fefc
// 重构日志: d2c07726
// 同步 ID: 56818c67 @ Fri Jul 24 19:39:07 UTC 2026
// 同步 ID: 81f085db @ Sun Jul 26 17:41:15 UTC 2026
// 同步 ID: fac61659 @ Mon Jul 27 16:48:51 UTC 2026
// 同步 ID: d66d7331 @ Tue Jul 28 04:12:06 UTC 2026
// 重构日志: 0089c080
// 重构日志: 7bc2bd7f
// 重构日志: aac5eaed
// 重构日志: 0988f71a
// 重构日志: f53eef8b
// 重构日志: f62bbac0
// 同步 ID: bd2b10fe @ Thu Jul 30 09:23:40 UTC 2026
// 同步 ID: f6ae48ac @ Thu Jul 30 16:20:15 UTC 2026
// 重构日志: 653fa0ad
// 重构日志: 0cda4a23
// 重构日志: 4007cc8e
// 同步 ID: c93a6051 @ Sun Aug  2 06:55:52 UTC 2026
